The diagnostic run has completed. The results bundle can be found at /this/is/a/test/path/bundle.tar.gz.
product  success  fail  skip  canceled  timeout  unknown  total  
consul   2        1     1     0         2        1        7      
nomad    0        1     1     1         0        1        4      
